[TEST     ] :: test_foo
[     PASS]
[TEST     ] :: test_bar
[test/atest.example.c:13] expect failure: -1 == 3
[test/atest.example.c:14] assert failure: -1 == 5
[     FAIL]
[TEST     ] :: test_baz
[test/atest.example.c:39] Strings "this is a string" and "this is another string" differ!
[     FAIL]
TESTS RUN    : 3
TESTS FAILED : 2
