SIGN: '+', COUNT: 3, LIMBS: [0x00, 0x00, 0xFF]
SIGN: '+', COUNT: 3, LIMBS: [0x00, 0x00, 0xFF]
SIGN: '+', COUNT: 3, LIMBS: [0x00, 0xF0, 0x0F]
SIGN: '+', COUNT: 2, LIMBS: [0xE0, 0x1F]
SIGN: '+', COUNT: 2, LIMBS: [0xF0, 0x0F]
SIGN: '0', COUNT: 0, LIMBS: []
SIGN: '0', COUNT: 0, LIMBS: []
SIGN: '-', COUNT: 1, LIMBS: [0x02]
SIGN: '-', COUNT: 1, LIMBS: [0x01]
SIGN: '0', COUNT: 0, LIMBS: []
