INPUT                                | OUTPUT
0                                    | 0
+0                                   | 0
-0                                   | 0
1                                    | +1
+1                                   | +1
-1                                   | -1
0b1                                  | +0b1
+0b1                                 | +0b1
-0b1                                 | -0b1
0x1                                  | +0x1
+0x1                                 | +0x1
-0x1                                 | -0x1
0b111100001100110010101010           | +0b111100001100110010101010
+0b111100001100110010101010          | +0b111100001100110010101010
-0b111100001100110010101010          | -0b111100001100110010101010
0xDEADBEEF                           | +0xdeadbeef
+0xDEADBEEF                          | +0xdeadbeef
-0xDEADBEEF                          | -0xdeadbeef
0xcafed00d                           | +0xcafed00d
0xcafebabe                           | +0xcafebabe
0xbeef0000                           | +0xbeef0000
0xBEEFBEEFBEEFBEEFBEEFBEEFBEEFBEEF   | +0xbeefbeefbeefbeefbeefbeefbeefbeef
00                                   | 0
00000000000000000000000000000000     | 0
